// Jest Snapshot v1, https://goo.gl/fbAQLP

exports[`TextInput should render correctly 1`] = `
<View
  style={
    Object {
      "flexDirection": "column",
      "height": 78,
      "justifyContent": "space-between",
    }
  }
>
  <Text
    style={
      Object {
        "color": "black",
        "fontSize": 16,
        "fontWeight": "600",
      }
    }
    testID="label"
  >
    Primary Input
  </Text>
  <TextInput
    placeholder="Primary Input"
    style={
      Object {
        "alignItems": "center",
        "borderColor": "#08949B",
        "borderRadius": 20,
        "borderStyle": "solid",
        "borderWidth": 1,
        "fontSize": 16,
        "fontWeight": "600",
        "justifyContent": "center",
        "minHeight": 50,
        "minWidth": 200,
        "paddingLeft": 17,
        "paddingRight": 17,
      }
    }
    testID="input"
  />
</View>
`;
